Analysis & Synthesis report for ALU
Mon May 06 06:43:03 2019
Quartus Prime Version 18.1.0 Build 625 09/12/2018 SJ Lite Edition


---------------------
; Table of Contents ;
---------------------
  1. Legal Notice
  2. Analysis & Synthesis Summary
  3. Analysis & Synthesis Settings
  4. Parallel Compilation
  5. Analysis & Synthesis Source Files Read
  6. Analysis & Synthesis Resource Usage Summary
  7. Analysis & Synthesis Resource Utilization by Entity
  8. User-Specified and Inferred Latches
  9. General Register Statistics
 10. Multiplexer Restructuring Statistics (Restructuring Performed)
 11. Post-Synthesis Netlist Statistics for Top Partition
 12. Elapsed Time Per Partition
 13. Analysis & Synthesis Messages



----------------
; Legal Notice ;
----------------
Copyright (C) 2018  Intel Corporation. All rights reserved.
Your use of Intel Corporation's design tools, logic functions 
and other software and tools, and its AMPP partner logic 
functions, and any output files from any of the foregoing 
(including device programming or simulation files), and any 
associated documentation or information are expressly subject 
to the terms and conditions of the Intel Program License 
Subscription Agreement, the Intel Quartus Prime License Agreement,
the Intel FPGA IP License Agreement, or other applicable license
agreement, including, without limitation, that your use is for
the sole purpose of programming logic devices manufactured by
Intel and sold by Intel or its authorized distributors.  Please
refer to the applicable agreement for further details.



+----------------------------------------------------------------------------------+
; Analysis & Synthesis Summary                                                     ;
+------------------------------------+---------------------------------------------+
; Analysis & Synthesis Status        ; Successful - Mon May 06 06:43:03 2019       ;
; Quartus Prime Version              ; 18.1.0 Build 625 09/12/2018 SJ Lite Edition ;
; Revision Name                      ; ALU                                         ;
; Top-level Entity Name              ; ALU                                         ;
; Family                             ; Cyclone IV E                                ;
; Total logic elements               ; 232                                         ;
;     Total combinational functions  ; 232                                         ;
;     Dedicated logic registers      ; 0                                           ;
; Total registers                    ; 0                                           ;
; Total pins                         ; 107                                         ;
; Total virtual pins                 ; 0                                           ;
; Total memory bits                  ; 0                                           ;
; Embedded Multiplier 9-bit elements ; 0                                           ;
; Total PLLs                         ; 0                                           ;
+------------------------------------+---------------------------------------------+


+------------------------------------------------------------------------------------------------------------+
; Analysis & Synthesis Settings                                                                              ;
+------------------------------------------------------------------+--------------------+--------------------+
; Option                                                           ; Setting            ; Default Value      ;
+------------------------------------------------------------------+--------------------+--------------------+
; Device                                                           ; EP4CE115F29C8      ;                    ;
; Top-level entity name                                            ; ALU                ; ALU                ;
; Family name                                                      ; Cyclone IV E       ; Cyclone V          ;
; Use smart compilation                                            ; Off                ; Off                ;
; Enable parallel Assembler and Timing Analyzer during compilation ; On                 ; On                 ;
; Enable compact report table                                      ; Off                ; Off                ;
; Restructure Multiplexers                                         ; Auto               ; Auto               ;
; Create Debugging Nodes for IP Cores                              ; Off                ; Off                ;
; Preserve fewer node names                                        ; On                 ; On                 ;
; Intel FPGA IP Evaluation Mode                                    ; Enable             ; Enable             ;
; Verilog Version                                                  ; Verilog_2001       ; Verilog_2001       ;
; VHDL Version                                                     ; VHDL_1993          ; VHDL_1993          ;
; State Machine Processing                                         ; Auto               ; Auto               ;
; Safe State Machine                                               ; Off                ; Off                ;
; Extract Verilog State Machines                                   ; On                 ; On                 ;
; Extract VHDL State Machines                                      ; On                 ; On                 ;
; Ignore Verilog initial constructs                                ; Off                ; Off                ;
; Iteration limit for constant Verilog loops                       ; 5000               ; 5000               ;
; Iteration limit for non-constant Verilog loops                   ; 250                ; 250                ;
; Add Pass-Through Logic to Inferred RAMs                          ; On                 ; On                 ;
; Infer RAMs from Raw Logic                                        ; On                 ; On                 ;
; Parallel Synthesis                                               ; On                 ; On                 ;
; DSP Block Balancing                                              ; Auto               ; Auto               ;
; NOT Gate Push-Back                                               ; On                 ; On                 ;
; Power-Up Don't Care                                              ; On                 ; On                 ;
; Remove Redundant Logic Cells                                     ; Off                ; Off                ;
; Remove Duplicate Registers                                       ; On                 ; On                 ;
; Ignore CARRY Buffers                                             ; Off                ; Off                ;
; Ignore CASCADE Buffers                                           ; Off                ; Off                ;
; Ignore GLOBAL Buffers                                            ; Off                ; Off                ;
; Ignore ROW GLOBAL Buffers                                        ; Off                ; Off                ;
; Ignore LCELL Buffers                                             ; Off                ; Off                ;
; Ignore SOFT Buffers                                              ; On                 ; On                 ;
; Limit AHDL Integers to 32 Bits                                   ; Off                ; Off                ;
; Optimization Technique                                           ; Balanced           ; Balanced           ;
; Carry Chain Length                                               ; 70                 ; 70                 ;
; Auto Carry Chains                                                ; On                 ; On                 ;
; Auto Open-Drain Pins                                             ; On                 ; On                 ;
; Perform WYSIWYG Primitive Resynthesis                            ; Off                ; Off                ;
; Auto ROM Replacement                                             ; On                 ; On                 ;
; Auto RAM Replacement                                             ; On                 ; On                 ;
; Auto DSP Block Replacement                                       ; On                 ; On                 ;
; Auto Shift Register Replacement                                  ; Auto               ; Auto               ;
; Allow Shift Register Merging across Hierarchies                  ; Auto               ; Auto               ;
; Auto Clock Enable Replacement                                    ; On                 ; On                 ;
; Strict RAM Replacement                                           ; Off                ; Off                ;
; Allow Synchronous Control Signals                                ; On                 ; On                 ;
; Force Use of Synchronous Clear Signals                           ; Off                ; Off                ;
; Auto RAM Block Balancing                                         ; On                 ; On                 ;
; Auto RAM to Logic Cell Conversion                                ; Off                ; Off                ;
; Auto Resource Sharing                                            ; Off                ; Off                ;
; Allow Any RAM Size For Recognition                               ; Off                ; Off                ;
; Allow Any ROM Size For Recognition                               ; Off                ; Off                ;
; Allow Any Shift Register Size For Recognition                    ; Off                ; Off                ;
; Use LogicLock Constraints during Resource Balancing              ; On                 ; On                 ;
; Ignore translate_off and synthesis_off directives                ; Off                ; Off                ;
; Timing-Driven Synthesis                                          ; On                 ; On                 ;
; Report Parameter Settings                                        ; On                 ; On                 ;
; Report Source Assignments                                        ; On                 ; On                 ;
; Report Connectivity Checks                                       ; On                 ; On                 ;
; Ignore Maximum Fan-Out Assignments                               ; Off                ; Off                ;
; Synchronization Register Chain Length                            ; 2                  ; 2                  ;
; Power Optimization During Synthesis                              ; Normal compilation ; Normal compilation ;
; HDL message level                                                ; Level2             ; Level2             ;
; Suppress Register Optimization Related Messages                  ; Off                ; Off                ;
; Number of Removed Registers Reported in Synthesis Report         ; 5000               ; 5000               ;
; Number of Swept Nodes Reported in Synthesis Report               ; 5000               ; 5000               ;
; Number of Inverted Registers Reported in Synthesis Report        ; 100                ; 100                ;
; Clock MUX Protection                                             ; On                 ; On                 ;
; Auto Gated Clock Conversion                                      ; Off                ; Off                ;
; Block Design Naming                                              ; Auto               ; Auto               ;
; SDC constraint protection                                        ; Off                ; Off                ;
; Synthesis Effort                                                 ; Auto               ; Auto               ;
; Shift Register Replacement - Allow Asynchronous Clear Signal     ; On                 ; On                 ;
; Pre-Mapping Resynthesis Optimization                             ; Off                ; Off                ;
; Analysis & Synthesis Message Level                               ; Medium             ; Medium             ;
; Disable Register Merging Across Hierarchies                      ; Auto               ; Auto               ;
; Resource Aware Inference For Block RAM                           ; On                 ; On                 ;
+------------------------------------------------------------------+--------------------+--------------------+


+------------------------------------------+
; Parallel Compilation                     ;
+----------------------------+-------------+
; Processors                 ; Number      ;
+----------------------------+-------------+
; Number detected on machine ; 2           ;
; Maximum allowed            ; 2           ;
;                            ;             ;
; Average used               ; 1.00        ;
; Maximum used               ; 2           ;
;                            ;             ;
; Usage by Processor         ; % Time Used ;
;     Processor 1            ; 100.0%      ;
;     Processor 2            ;   0.0%      ;
+----------------------------+-------------+


+------------------------------------------------------------------------------------------------------------------------------------------------------+
; Analysis & Synthesis Source Files Read                                                                                                               ;
+----------------------------------+-----------------+-----------------+---------------------------------------------------------------------+---------+
; File Name with User-Entered Path ; Used in Netlist ; File Type       ; File Name with Absolute Path                                        ; Library ;
+----------------------------------+-----------------+-----------------+---------------------------------------------------------------------+---------+
; ALU.vhd                          ; yes             ; User VHDL File  ; C:/Users/Doug/Documents/GitHub/R32V2020/VHDL/Components/ALU/ALU.vhd ;         ;
+----------------------------------+-----------------+-----------------+---------------------------------------------------------------------+---------+


+------------------------------------------------------------+
; Analysis & Synthesis Resource Usage Summary                ;
+---------------------------------------------+--------------+
; Resource                                    ; Usage        ;
+---------------------------------------------+--------------+
; Estimated Total logic elements              ; 232          ;
;                                             ;              ;
; Total combinational functions               ; 232          ;
; Logic element usage by number of LUT inputs ;              ;
;     -- 4 input functions                    ; 112          ;
;     -- 3 input functions                    ; 103          ;
;     -- <=2 input functions                  ; 17           ;
;                                             ;              ;
; Logic elements by mode                      ;              ;
;     -- normal mode                          ; 201          ;
;     -- arithmetic mode                      ; 31           ;
;                                             ;              ;
; Total registers                             ; 0            ;
;     -- Dedicated logic registers            ; 0            ;
;     -- I/O registers                        ; 0            ;
;                                             ;              ;
; I/O pins                                    ; 107          ;
;                                             ;              ;
; Embedded Multiplier 9-bit elements          ; 0            ;
;                                             ;              ;
; Maximum fan-out node                        ; Op_ADS~input ;
; Maximum fan-out                             ; 51           ;
; Total fan-out                               ; 930          ;
; Average fan-out                             ; 2.09         ;
+---------------------------------------------+--------------+


+----------------------------------------------------------------------------------------------------------------------------------------------------------------------------------------------------------+
; Analysis & Synthesis Resource Utilization by Entity                                                                                                                                                      ;
+----------------------------+---------------------+---------------------------+-------------+--------------+---------+-----------+------+--------------+---------------------+-------------+--------------+
; Compilation Hierarchy Node ; Combinational ALUTs ; Dedicated Logic Registers ; Memory Bits ; DSP Elements ; DSP 9x9 ; DSP 18x18 ; Pins ; Virtual Pins ; Full Hierarchy Name ; Entity Name ; Library Name ;
+----------------------------+---------------------+---------------------------+-------------+--------------+---------+-----------+------+--------------+---------------------+-------------+--------------+
; |ALU                       ; 232 (232)           ; 0 (0)                     ; 0           ; 0            ; 0       ; 0         ; 107  ; 0            ; |ALU                ; ALU         ; work         ;
+----------------------------+---------------------+---------------------------+-------------+--------------+---------+-----------+------+--------------+---------------------+-------------+--------------+
Note: For table entries with two numbers listed, the numbers in parentheses indicate the number of resources of the given type used by the specific entity alone. The numbers listed outside of parentheses indicate the total resources of the given type used by the specific entity and all of its sub-entities in the hierarchy.


+----------------------------------------------------------------------------------------------------+
; User-Specified and Inferred Latches                                                                ;
+-----------------------------------------------------+---------------------+------------------------+
; Latch Name                                          ; Latch Enable Signal ; Free of Timing Hazards ;
+-----------------------------------------------------+---------------------+------------------------+
; ALUResult[0]                                        ; ALUResult[31]       ; yes                    ;
; ALUResult[1]                                        ; ALUResult[31]       ; yes                    ;
; ALUResult[2]                                        ; ALUResult[31]       ; yes                    ;
; ALUResult[3]                                        ; ALUResult[31]       ; yes                    ;
; ALUResult[4]                                        ; ALUResult[31]       ; yes                    ;
; ALUResult[5]                                        ; ALUResult[31]       ; yes                    ;
; ALUResult[6]                                        ; ALUResult[31]       ; yes                    ;
; ALUResult[7]                                        ; ALUResult[31]       ; yes                    ;
; ALUResult[8]                                        ; ALUResult[31]       ; yes                    ;
; ALUResult[9]                                        ; ALUResult[31]       ; yes                    ;
; ALUResult[10]                                       ; ALUResult[31]       ; yes                    ;
; ALUResult[11]                                       ; ALUResult[31]       ; yes                    ;
; ALUResult[12]                                       ; ALUResult[31]       ; yes                    ;
; ALUResult[13]                                       ; ALUResult[31]       ; yes                    ;
; ALUResult[14]                                       ; ALUResult[31]       ; yes                    ;
; ALUResult[15]                                       ; ALUResult[31]       ; yes                    ;
; ALUResult[16]                                       ; ALUResult[31]       ; yes                    ;
; ALUResult[17]                                       ; ALUResult[31]       ; yes                    ;
; ALUResult[18]                                       ; ALUResult[31]       ; yes                    ;
; ALUResult[19]                                       ; ALUResult[31]       ; yes                    ;
; ALUResult[20]                                       ; ALUResult[31]       ; yes                    ;
; ALUResult[21]                                       ; ALUResult[31]       ; yes                    ;
; ALUResult[22]                                       ; ALUResult[31]       ; yes                    ;
; ALUResult[23]                                       ; ALUResult[31]       ; yes                    ;
; ALUResult[24]                                       ; ALUResult[31]       ; yes                    ;
; ALUResult[25]                                       ; ALUResult[31]       ; yes                    ;
; ALUResult[26]                                       ; ALUResult[31]       ; yes                    ;
; ALUResult[27]                                       ; ALUResult[31]       ; yes                    ;
; ALUResult[28]                                       ; ALUResult[31]       ; yes                    ;
; ALUResult[29]                                       ; ALUResult[31]       ; yes                    ;
; ALUResult[30]                                       ; ALUResult[31]       ; yes                    ;
; ALUResult[31]                                       ; ALUResult[31]       ; yes                    ;
; Number of user-specified and inferred latches = 32  ;                     ;                        ;
+-----------------------------------------------------+---------------------+------------------------+
Note: All latches listed above may not be present at the end of synthesis due to various synthesis optimizations.


+------------------------------------------------------+
; General Register Statistics                          ;
+----------------------------------------------+-------+
; Statistic                                    ; Value ;
+----------------------------------------------+-------+
; Total registers                              ; 0     ;
; Number of registers using Synchronous Clear  ; 0     ;
; Number of registers using Synchronous Load   ; 0     ;
; Number of registers using Asynchronous Clear ; 0     ;
; Number of registers using Asynchronous Load  ; 0     ;
; Number of registers using Clock Enable       ; 0     ;
; Number of registers using Preset             ; 0     ;
+----------------------------------------------+-------+


+------------------------------------------------------------------------------------------------------------------------------------------+
; Multiplexer Restructuring Statistics (Restructuring Performed)                                                                           ;
+--------------------+-----------+---------------+----------------------+------------------------+------------+----------------------------+
; Multiplexer Inputs ; Bus Width ; Baseline Area ; Area if Restructured ; Saving if Restructured ; Registered ; Example Multiplexer Output ;
+--------------------+-----------+---------------+----------------------+------------------------+------------+----------------------------+
; 6:1                ; 30 bits   ; 120 LEs       ; 120 LEs              ; 0 LEs                  ; No         ; |ALU|ALUResult[1]          ;
+--------------------+-----------+---------------+----------------------+------------------------+------------+----------------------------+


+-----------------------------------------------------+
; Post-Synthesis Netlist Statistics for Top Partition ;
+-----------------------+-----------------------------+
; Type                  ; Count                       ;
+-----------------------+-----------------------------+
; boundary_port         ; 107                         ;
; cycloneiii_lcell_comb ; 232                         ;
;     arith             ; 31                          ;
;         3 data inputs ; 31                          ;
;     normal            ; 201                         ;
;         2 data inputs ; 17                          ;
;         3 data inputs ; 72                          ;
;         4 data inputs ; 112                         ;
;                       ;                             ;
; Max LUT depth         ; 7.00                        ;
; Average LUT depth     ; 5.38                        ;
+-----------------------+-----------------------------+


+-------------------------------+
; Elapsed Time Per Partition    ;
+----------------+--------------+
; Partition Name ; Elapsed Time ;
+----------------+--------------+
; Top            ; 00:00:02     ;
+----------------+--------------+


+-------------------------------+
; Analysis & Synthesis Messages ;
+-------------------------------+
Info: *******************************************************************
Info: Running Quartus Prime Analysis & Synthesis
    Info: Version 18.1.0 Build 625 09/12/2018 SJ Lite Edition
    Info: Processing started: Mon May 06 06:42:43 2019
Info: Command: quartus_map --read_settings_files=on --write_settings_files=off ALU -c ALU
Warning (18236): Number of processors has not been specified which may cause overloading on shared machines.  Set the global assignment NUM_PARALLEL_PROCESSORS in your QSF to an appropriate value for best performance.
Info (20030): Parallel compilation is enabled and will use 2 of the 2 processors detected
Info (12021): Found 2 design units, including 1 entities, in source file alu.vhd
    Info (12022): Found design unit 1: ALU-struct File: C:/Users/Doug/Documents/GitHub/R32V2020/VHDL/Components/ALU/ALU.vhd Line: 31
    Info (12023): Found entity 1: ALU File: C:/Users/Doug/Documents/GitHub/R32V2020/VHDL/Components/ALU/ALU.vhd Line: 11
Info (12127): Elaborating entity "ALU" for the top level hierarchy
Info (10041): Inferred latch for "ALUResult[0]" at ALU.vhd(44) File: C:/Users/Doug/Documents/GitHub/R32V2020/VHDL/Components/ALU/ALU.vhd Line: 44
Info (10041): Inferred latch for "ALUResult[1]" at ALU.vhd(44) File: C:/Users/Doug/Documents/GitHub/R32V2020/VHDL/Components/ALU/ALU.vhd Line: 44
Info (10041): Inferred latch for "ALUResult[2]" at ALU.vhd(44) File: C:/Users/Doug/Documents/GitHub/R32V2020/VHDL/Components/ALU/ALU.vhd Line: 44
Info (10041): Inferred latch for "ALUResult[3]" at ALU.vhd(44) File: C:/Users/Doug/Documents/GitHub/R32V2020/VHDL/Components/ALU/ALU.vhd Line: 44
Info (10041): Inferred latch for "ALUResult[4]" at ALU.vhd(44) File: C:/Users/Doug/Documents/GitHub/R32V2020/VHDL/Components/ALU/ALU.vhd Line: 44
Info (10041): Inferred latch for "ALUResult[5]" at ALU.vhd(44) File: C:/Users/Doug/Documents/GitHub/R32V2020/VHDL/Components/ALU/ALU.vhd Line: 44
Info (10041): Inferred latch for "ALUResult[6]" at ALU.vhd(44) File: C:/Users/Doug/Documents/GitHub/R32V2020/VHDL/Components/ALU/ALU.vhd Line: 44
Info (10041): Inferred latch for "ALUResult[7]" at ALU.vhd(44) File: C:/Users/Doug/Documents/GitHub/R32V2020/VHDL/Components/ALU/ALU.vhd Line: 44
Info (10041): Inferred latch for "ALUResult[8]" at ALU.vhd(44) File: C:/Users/Doug/Documents/GitHub/R32V2020/VHDL/Components/ALU/ALU.vhd Line: 44
Info (10041): Inferred latch for "ALUResult[9]" at ALU.vhd(44) File: C:/Users/Doug/Documents/GitHub/R32V2020/VHDL/Components/ALU/ALU.vhd Line: 44
Info (10041): Inferred latch for "ALUResult[10]" at ALU.vhd(44) File: C:/Users/Doug/Documents/GitHub/R32V2020/VHDL/Components/ALU/ALU.vhd Line: 44
Info (10041): Inferred latch for "ALUResult[11]" at ALU.vhd(44) File: C:/Users/Doug/Documents/GitHub/R32V2020/VHDL/Components/ALU/ALU.vhd Line: 44
Info (10041): Inferred latch for "ALUResult[12]" at ALU.vhd(44) File: C:/Users/Doug/Documents/GitHub/R32V2020/VHDL/Components/ALU/ALU.vhd Line: 44
Info (10041): Inferred latch for "ALUResult[13]" at ALU.vhd(44) File: C:/Users/Doug/Documents/GitHub/R32V2020/VHDL/Components/ALU/ALU.vhd Line: 44
Info (10041): Inferred latch for "ALUResult[14]" at ALU.vhd(44) File: C:/Users/Doug/Documents/GitHub/R32V2020/VHDL/Components/ALU/ALU.vhd Line: 44
Info (10041): Inferred latch for "ALUResult[15]" at ALU.vhd(44) File: C:/Users/Doug/Documents/GitHub/R32V2020/VHDL/Components/ALU/ALU.vhd Line: 44
Info (10041): Inferred latch for "ALUResult[16]" at ALU.vhd(44) File: C:/Users/Doug/Documents/GitHub/R32V2020/VHDL/Components/ALU/ALU.vhd Line: 44
Info (10041): Inferred latch for "ALUResult[17]" at ALU.vhd(44) File: C:/Users/Doug/Documents/GitHub/R32V2020/VHDL/Components/ALU/ALU.vhd Line: 44
Info (10041): Inferred latch for "ALUResult[18]" at ALU.vhd(44) File: C:/Users/Doug/Documents/GitHub/R32V2020/VHDL/Components/ALU/ALU.vhd Line: 44
Info (10041): Inferred latch for "ALUResult[19]" at ALU.vhd(44) File: C:/Users/Doug/Documents/GitHub/R32V2020/VHDL/Components/ALU/ALU.vhd Line: 44
Info (10041): Inferred latch for "ALUResult[20]" at ALU.vhd(44) File: C:/Users/Doug/Documents/GitHub/R32V2020/VHDL/Components/ALU/ALU.vhd Line: 44
Info (10041): Inferred latch for "ALUResult[21]" at ALU.vhd(44) File: C:/Users/Doug/Documents/GitHub/R32V2020/VHDL/Components/ALU/ALU.vhd Line: 44
Info (10041): Inferred latch for "ALUResult[22]" at ALU.vhd(44) File: C:/Users/Doug/Documents/GitHub/R32V2020/VHDL/Components/ALU/ALU.vhd Line: 44
Info (10041): Inferred latch for "ALUResult[23]" at ALU.vhd(44) File: C:/Users/Doug/Documents/GitHub/R32V2020/VHDL/Components/ALU/ALU.vhd Line: 44
Info (10041): Inferred latch for "ALUResult[24]" at ALU.vhd(44) File: C:/Users/Doug/Documents/GitHub/R32V2020/VHDL/Components/ALU/ALU.vhd Line: 44
Info (10041): Inferred latch for "ALUResult[25]" at ALU.vhd(44) File: C:/Users/Doug/Documents/GitHub/R32V2020/VHDL/Components/ALU/ALU.vhd Line: 44
Info (10041): Inferred latch for "ALUResult[26]" at ALU.vhd(44) File: C:/Users/Doug/Documents/GitHub/R32V2020/VHDL/Components/ALU/ALU.vhd Line: 44
Info (10041): Inferred latch for "ALUResult[27]" at ALU.vhd(44) File: C:/Users/Doug/Documents/GitHub/R32V2020/VHDL/Components/ALU/ALU.vhd Line: 44
Info (10041): Inferred latch for "ALUResult[28]" at ALU.vhd(44) File: C:/Users/Doug/Documents/GitHub/R32V2020/VHDL/Components/ALU/ALU.vhd Line: 44
Info (10041): Inferred latch for "ALUResult[29]" at ALU.vhd(44) File: C:/Users/Doug/Documents/GitHub/R32V2020/VHDL/Components/ALU/ALU.vhd Line: 44
Info (10041): Inferred latch for "ALUResult[30]" at ALU.vhd(44) File: C:/Users/Doug/Documents/GitHub/R32V2020/VHDL/Components/ALU/ALU.vhd Line: 44
Info (10041): Inferred latch for "ALUResult[31]" at ALU.vhd(44) File: C:/Users/Doug/Documents/GitHub/R32V2020/VHDL/Components/ALU/ALU.vhd Line: 44
Warning (13012): Latch ALUResult[0] has unsafe behavior File: C:/Users/Doug/Documents/GitHub/R32V2020/VHDL/Components/ALU/ALU.vhd Line: 44
    Warning (13013): Ports D and ENA on the latch are fed by the same signal Op_ADS File: C:/Users/Doug/Documents/GitHub/R32V2020/VHDL/Components/ALU/ALU.vhd Line: 15
Warning (13012): Latch ALUResult[1] has unsafe behavior File: C:/Users/Doug/Documents/GitHub/R32V2020/VHDL/Components/ALU/ALU.vhd Line: 44
    Warning (13013): Ports D and ENA on the latch are fed by the same signal Op_ADS File: C:/Users/Doug/Documents/GitHub/R32V2020/VHDL/Components/ALU/ALU.vhd Line: 15
Warning (13012): Latch ALUResult[2] has unsafe behavior File: C:/Users/Doug/Documents/GitHub/R32V2020/VHDL/Components/ALU/ALU.vhd Line: 44
    Warning (13013): Ports D and ENA on the latch are fed by the same signal Op_ADS File: C:/Users/Doug/Documents/GitHub/R32V2020/VHDL/Components/ALU/ALU.vhd Line: 15
Warning (13012): Latch ALUResult[3] has unsafe behavior File: C:/Users/Doug/Documents/GitHub/R32V2020/VHDL/Components/ALU/ALU.vhd Line: 44
    Warning (13013): Ports D and ENA on the latch are fed by the same signal Op_ADS File: C:/Users/Doug/Documents/GitHub/R32V2020/VHDL/Components/ALU/ALU.vhd Line: 15
Warning (13012): Latch ALUResult[4] has unsafe behavior File: C:/Users/Doug/Documents/GitHub/R32V2020/VHDL/Components/ALU/ALU.vhd Line: 44
    Warning (13013): Ports D and ENA on the latch are fed by the same signal Op_ADS File: C:/Users/Doug/Documents/GitHub/R32V2020/VHDL/Components/ALU/ALU.vhd Line: 15
Warning (13012): Latch ALUResult[5] has unsafe behavior File: C:/Users/Doug/Documents/GitHub/R32V2020/VHDL/Components/ALU/ALU.vhd Line: 44
    Warning (13013): Ports D and ENA on the latch are fed by the same signal Op_ADS File: C:/Users/Doug/Documents/GitHub/R32V2020/VHDL/Components/ALU/ALU.vhd Line: 15
Warning (13012): Latch ALUResult[6] has unsafe behavior File: C:/Users/Doug/Documents/GitHub/R32V2020/VHDL/Components/ALU/ALU.vhd Line: 44
    Warning (13013): Ports D and ENA on the latch are fed by the same signal Op_ADS File: C:/Users/Doug/Documents/GitHub/R32V2020/VHDL/Components/ALU/ALU.vhd Line: 15
Warning (13012): Latch ALUResult[7] has unsafe behavior File: C:/Users/Doug/Documents/GitHub/R32V2020/VHDL/Components/ALU/ALU.vhd Line: 44
    Warning (13013): Ports D and ENA on the latch are fed by the same signal Op_ADS File: C:/Users/Doug/Documents/GitHub/R32V2020/VHDL/Components/ALU/ALU.vhd Line: 15
Warning (13012): Latch ALUResult[8] has unsafe behavior File: C:/Users/Doug/Documents/GitHub/R32V2020/VHDL/Components/ALU/ALU.vhd Line: 44
    Warning (13013): Ports D and ENA on the latch are fed by the same signal Op_ADS File: C:/Users/Doug/Documents/GitHub/R32V2020/VHDL/Components/ALU/ALU.vhd Line: 15
Warning (13012): Latch ALUResult[9] has unsafe behavior File: C:/Users/Doug/Documents/GitHub/R32V2020/VHDL/Components/ALU/ALU.vhd Line: 44
    Warning (13013): Ports D and ENA on the latch are fed by the same signal Op_ADS File: C:/Users/Doug/Documents/GitHub/R32V2020/VHDL/Components/ALU/ALU.vhd Line: 15
Warning (13012): Latch ALUResult[10] has unsafe behavior File: C:/Users/Doug/Documents/GitHub/R32V2020/VHDL/Components/ALU/ALU.vhd Line: 44
    Warning (13013): Ports D and ENA on the latch are fed by the same signal Op_ADS File: C:/Users/Doug/Documents/GitHub/R32V2020/VHDL/Components/ALU/ALU.vhd Line: 15
Warning (13012): Latch ALUResult[11] has unsafe behavior File: C:/Users/Doug/Documents/GitHub/R32V2020/VHDL/Components/ALU/ALU.vhd Line: 44
    Warning (13013): Ports D and ENA on the latch are fed by the same signal Op_ADS File: C:/Users/Doug/Documents/GitHub/R32V2020/VHDL/Components/ALU/ALU.vhd Line: 15
Warning (13012): Latch ALUResult[12] has unsafe behavior File: C:/Users/Doug/Documents/GitHub/R32V2020/VHDL/Components/ALU/ALU.vhd Line: 44
    Warning (13013): Ports D and ENA on the latch are fed by the same signal Op_ADS File: C:/Users/Doug/Documents/GitHub/R32V2020/VHDL/Components/ALU/ALU.vhd Line: 15
Warning (13012): Latch ALUResult[13] has unsafe behavior File: C:/Users/Doug/Documents/GitHub/R32V2020/VHDL/Components/ALU/ALU.vhd Line: 44
    Warning (13013): Ports D and ENA on the latch are fed by the same signal Op_ADS File: C:/Users/Doug/Documents/GitHub/R32V2020/VHDL/Components/ALU/ALU.vhd Line: 15
Warning (13012): Latch ALUResult[14] has unsafe behavior File: C:/Users/Doug/Documents/GitHub/R32V2020/VHDL/Components/ALU/ALU.vhd Line: 44
    Warning (13013): Ports D and ENA on the latch are fed by the same signal Op_ADS File: C:/Users/Doug/Documents/GitHub/R32V2020/VHDL/Components/ALU/ALU.vhd Line: 15
Warning (13012): Latch ALUResult[15] has unsafe behavior File: C:/Users/Doug/Documents/GitHub/R32V2020/VHDL/Components/ALU/ALU.vhd Line: 44
    Warning (13013): Ports D and ENA on the latch are fed by the same signal Op_ADS File: C:/Users/Doug/Documents/GitHub/R32V2020/VHDL/Components/ALU/ALU.vhd Line: 15
Warning (13012): Latch ALUResult[16] has unsafe behavior File: C:/Users/Doug/Documents/GitHub/R32V2020/VHDL/Components/ALU/ALU.vhd Line: 44
    Warning (13013): Ports D and ENA on the latch are fed by the same signal Op_ADS File: C:/Users/Doug/Documents/GitHub/R32V2020/VHDL/Components/ALU/ALU.vhd Line: 15
Warning (13012): Latch ALUResult[17] has unsafe behavior File: C:/Users/Doug/Documents/GitHub/R32V2020/VHDL/Components/ALU/ALU.vhd Line: 44
    Warning (13013): Ports D and ENA on the latch are fed by the same signal Op_ADS File: C:/Users/Doug/Documents/GitHub/R32V2020/VHDL/Components/ALU/ALU.vhd Line: 15
Warning (13012): Latch ALUResult[18] has unsafe behavior File: C:/Users/Doug/Documents/GitHub/R32V2020/VHDL/Components/ALU/ALU.vhd Line: 44
    Warning (13013): Ports D and ENA on the latch are fed by the same signal Op_ADS File: C:/Users/Doug/Documents/GitHub/R32V2020/VHDL/Components/ALU/ALU.vhd Line: 15
Warning (13012): Latch ALUResult[19] has unsafe behavior File: C:/Users/Doug/Documents/GitHub/R32V2020/VHDL/Components/ALU/ALU.vhd Line: 44
    Warning (13013): Ports D and ENA on the latch are fed by the same signal Op_ADS File: C:/Users/Doug/Documents/GitHub/R32V2020/VHDL/Components/ALU/ALU.vhd Line: 15
Warning (13012): Latch ALUResult[20] has unsafe behavior File: C:/Users/Doug/Documents/GitHub/R32V2020/VHDL/Components/ALU/ALU.vhd Line: 44
    Warning (13013): Ports D and ENA on the latch are fed by the same signal Op_ADS File: C:/Users/Doug/Documents/GitHub/R32V2020/VHDL/Components/ALU/ALU.vhd Line: 15
Warning (13012): Latch ALUResult[21] has unsafe behavior File: C:/Users/Doug/Documents/GitHub/R32V2020/VHDL/Components/ALU/ALU.vhd Line: 44
    Warning (13013): Ports D and ENA on the latch are fed by the same signal Op_ADS File: C:/Users/Doug/Documents/GitHub/R32V2020/VHDL/Components/ALU/ALU.vhd Line: 15
Warning (13012): Latch ALUResult[22] has unsafe behavior File: C:/Users/Doug/Documents/GitHub/R32V2020/VHDL/Components/ALU/ALU.vhd Line: 44
    Warning (13013): Ports D and ENA on the latch are fed by the same signal Op_ADS File: C:/Users/Doug/Documents/GitHub/R32V2020/VHDL/Components/ALU/ALU.vhd Line: 15
Warning (13012): Latch ALUResult[23] has unsafe behavior File: C:/Users/Doug/Documents/GitHub/R32V2020/VHDL/Components/ALU/ALU.vhd Line: 44
    Warning (13013): Ports D and ENA on the latch are fed by the same signal Op_ADS File: C:/Users/Doug/Documents/GitHub/R32V2020/VHDL/Components/ALU/ALU.vhd Line: 15
Warning (13012): Latch ALUResult[24] has unsafe behavior File: C:/Users/Doug/Documents/GitHub/R32V2020/VHDL/Components/ALU/ALU.vhd Line: 44
    Warning (13013): Ports D and ENA on the latch are fed by the same signal Op_ADS File: C:/Users/Doug/Documents/GitHub/R32V2020/VHDL/Components/ALU/ALU.vhd Line: 15
Warning (13012): Latch ALUResult[25] has unsafe behavior File: C:/Users/Doug/Documents/GitHub/R32V2020/VHDL/Components/ALU/ALU.vhd Line: 44
    Warning (13013): Ports D and ENA on the latch are fed by the same signal Op_ADS File: C:/Users/Doug/Documents/GitHub/R32V2020/VHDL/Components/ALU/ALU.vhd Line: 15
Warning (13012): Latch ALUResult[26] has unsafe behavior File: C:/Users/Doug/Documents/GitHub/R32V2020/VHDL/Components/ALU/ALU.vhd Line: 44
    Warning (13013): Ports D and ENA on the latch are fed by the same signal Op_ADS File: C:/Users/Doug/Documents/GitHub/R32V2020/VHDL/Components/ALU/ALU.vhd Line: 15
Warning (13012): Latch ALUResult[27] has unsafe behavior File: C:/Users/Doug/Documents/GitHub/R32V2020/VHDL/Components/ALU/ALU.vhd Line: 44
    Warning (13013): Ports D and ENA on the latch are fed by the same signal Op_ADS File: C:/Users/Doug/Documents/GitHub/R32V2020/VHDL/Components/ALU/ALU.vhd Line: 15
Warning (13012): Latch ALUResult[28] has unsafe behavior File: C:/Users/Doug/Documents/GitHub/R32V2020/VHDL/Components/ALU/ALU.vhd Line: 44
    Warning (13013): Ports D and ENA on the latch are fed by the same signal Op_ADS File: C:/Users/Doug/Documents/GitHub/R32V2020/VHDL/Components/ALU/ALU.vhd Line: 15
Warning (13012): Latch ALUResult[29] has unsafe behavior File: C:/Users/Doug/Documents/GitHub/R32V2020/VHDL/Components/ALU/ALU.vhd Line: 44
    Warning (13013): Ports D and ENA on the latch are fed by the same signal Op_ADS File: C:/Users/Doug/Documents/GitHub/R32V2020/VHDL/Components/ALU/ALU.vhd Line: 15
Warning (13012): Latch ALUResult[30] has unsafe behavior File: C:/Users/Doug/Documents/GitHub/R32V2020/VHDL/Components/ALU/ALU.vhd Line: 44
    Warning (13013): Ports D and ENA on the latch are fed by the same signal Op_ADS File: C:/Users/Doug/Documents/GitHub/R32V2020/VHDL/Components/ALU/ALU.vhd Line: 15
Warning (13012): Latch ALUResult[31] has unsafe behavior File: C:/Users/Doug/Documents/GitHub/R32V2020/VHDL/Components/ALU/ALU.vhd Line: 44
    Warning (13013): Ports D and ENA on the latch are fed by the same signal Op_ADS File: C:/Users/Doug/Documents/GitHub/R32V2020/VHDL/Components/ALU/ALU.vhd Line: 15
Info (286030): Timing-Driven Synthesis is running
Info (16010): Generating hard_block partition "hard_block:auto_generated_inst"
    Info (16011): Adding 0 node(s), including 0 DDIO, 0 PLL, 0 transceiver and 0 LCELL
Warning (21074): Design contains 2 input pin(s) that do not drive logic
    Warning (15610): No output dependent on input pin "Op_MUL" File: C:/Users/Doug/Documents/GitHub/R32V2020/VHDL/Components/ALU/ALU.vhd Line: 16
    Warning (15610): No output dependent on input pin "Op_CMP" File: C:/Users/Doug/Documents/GitHub/R32V2020/VHDL/Components/ALU/ALU.vhd Line: 17
Info (21057): Implemented 339 device resources after synthesis - the final resource count might be different
    Info (21058): Implemented 75 input pins
    Info (21059): Implemented 32 output pins
    Info (21061): Implemented 232 logic cells
Info: Quartus Prime Analysis & Synthesis was successful. 0 errors, 68 warnings
    Info: Peak virtual memory: 652 megabytes
    Info: Processing ended: Mon May 06 06:43:03 2019
    Info: Elapsed time: 00:00:20
    Info: Total CPU time (on all processors): 00:00:28


