MIF/HEX Update report for R32V2020
Sun Sep 29 10:27:40 2019
Quartus Prime Version 18.1.0 Build 625 09/12/2018 SJ Lite Edition


---------------------
; Table of Contents ;
---------------------
  1. Legal Notice
  2. MIF/HEX Update Summary
  3. MIF/HEX Update Processed Files
  4. MIF/HEX Update Messages



----------------
; Legal Notice ;
----------------
Copyright (C) 2018  Intel Corporation. All rights reserved.
Your use of Intel Corporation's design tools, logic functions 
and other software and tools, and its AMPP partner logic 
functions, and any output files from any of the foregoing 
(including device programming or simulation files), and any 
associated documentation or information are expressly subject 
to the terms and conditions of the Intel Program License 
Subscription Agreement, the Intel Quartus Prime License Agreement,
the Intel FPGA IP License Agreement, or other applicable license
agreement, including, without limitation, that your use is for
the sole purpose of programming logic devices manufactured by
Intel and sold by Intel or its authorized distributors.  Please
refer to the applicable agreement for further details.



+---------------------------------------------------------------+
; MIF/HEX Update Summary                                        ;
+-----------------------+---------------------------------------+
; MIF/HEX Update Status ; Successful - Sun Sep 29 10:27:40 2019 ;
; Revision Name         ; R32V2020                              ;
; Top-level Entity Name ; R32V2020_A4CE6_top                    ;
; Family                ; Cyclone IV E                          ;
; Device                ; EP4CE6E22C6                           ;
+-----------------------+---------------------------------------+


+------------------------------------------------------------------------------------------+
; MIF/HEX Update Processed Files                                                           ;
+------------------------------------------------------------------------------------------+
; File Name                                                                                ;
+------------------------------------------------------------------------------------------+
; C:/Users/HPz420/Documents/GitHub/R32V2020/Programs/Games/G002-Tetris/G002-Tetris_dat.HEX ;
; C:/Users/HPz420/Documents/GitHub/R32V2020/Programs/Games/G002-Tetris/G002-Tetris_ins.HEX ;
+------------------------------------------------------------------------------------------+


+-------------------------+
; MIF/HEX Update Messages ;
+-------------------------+
Info: *******************************************************************
Info: Running Quartus Prime MIF/HEX Update
    Info: Version 18.1.0 Build 625 09/12/2018 SJ Lite Edition
    Info: Processing started: Sun Sep 29 10:27:39 2019
Info: Command: quartus_cdb R32V2020 -c R32V2020 --update_mif
Critical Warning (127005): Memory depth (2048) in the design file differs from memory depth (263) in the Memory Initialization File "C:/Users/HPz420/Documents/GitHub/R32V2020/Programs/Games/G002-Tetris/G002-Tetris_ins.HEX" -- setting initial value for remaining addresses to 0
Critical Warning (127005): Memory depth (1024) in the design file differs from memory depth (47) in the Memory Initialization File "C:/Users/HPz420/Documents/GitHub/R32V2020/Programs/Games/G002-Tetris/G002-Tetris_dat.HEX" -- setting initial value for remaining addresses to 0
Info (39024): Processed the following Memory Initialization File(s)
    Info (39025): Processed Memory Initialization File C:/Users/HPz420/Documents/GitHub/R32V2020/Programs/Games/G002-Tetris/G002-Tetris_dat.HEX File: C:/Users/HPz420/Documents/GitHub/R32V2020/Programs/Games/G002-Tetris/G002-Tetris_dat.HEX Line: 0
    Info (39025): Processed Memory Initialization File C:/Users/HPz420/Documents/GitHub/R32V2020/Programs/Games/G002-Tetris/G002-Tetris_ins.HEX File: C:/Users/HPz420/Documents/GitHub/R32V2020/Programs/Games/G002-Tetris/G002-Tetris_ins.HEX Line: 0
Info: Quartus Prime MIF/HEX Update was successful. 0 errors, 2 warnings
    Info: Peak virtual memory: 4713 megabytes
    Info: Processing ended: Sun Sep 29 10:27:40 2019
    Info: Elapsed time: 00:00:01
    Info: Total CPU time (on all processors): 00:00:01


