------------------------------------------------------------
Timing Analyzer Summary
------------------------------------------------------------

Type  : Slow 1200mV 85C Model Setup 'i_CLOCK_50'
Slack : 1.745
TNS   : 0.000

Type  : Slow 1200mV 85C Model Setup 'Peripherals|clockGen|altpll_component|auto_generated|pll1|clk[0]'
Slack : 4.811
TNS   : 0.000

Type  : Slow 1200mV 85C Model Setup 'altera_reserved_tck'
Slack : 43.846
TNS   : 0.000

Type  : Slow 1200mV 85C Model Hold 'i_CLOCK_50'
Slack : 0.308
TNS   : 0.000

Type  : Slow 1200mV 85C Model Hold 'altera_reserved_tck'
Slack : 0.351
TNS   : 0.000

Type  : Slow 1200mV 85C Model Hold 'Peripherals|clockGen|altpll_component|auto_generated|pll1|clk[0]'
Slack : 0.361
TNS   : 0.000

Type  : Slow 1200mV 85C Model Recovery 'i_CLOCK_50'
Slack : 18.206
TNS   : 0.000

Type  : Slow 1200mV 85C Model Recovery 'altera_reserved_tck'
Slack : 97.275
TNS   : 0.000

Type  : Slow 1200mV 85C Model Removal 'i_CLOCK_50'
Slack : 0.882
TNS   : 0.000

Type  : Slow 1200mV 85C Model Removal 'altera_reserved_tck'
Slack : 1.042
TNS   : 0.000

Type  : Slow 1200mV 85C Model Minimum Pulse Width 'Peripherals|clockGen|altpll_component|auto_generated|pll1|clk[0]'
Slack : 7.419
TNS   : 0.000

Type  : Slow 1200mV 85C Model Minimum Pulse Width 'i_CLOCK_50'
Slack : 9.436
TNS   : 0.000

Type  : Slow 1200mV 85C Model Minimum Pulse Width 'altera_reserved_tck'
Slack : 49.474
TNS   : 0.000

Type  : Slow 1200mV 0C Model Setup 'i_CLOCK_50'
Slack : 3.611
TNS   : 0.000

Type  : Slow 1200mV 0C Model Setup 'Peripherals|clockGen|altpll_component|auto_generated|pll1|clk[0]'
Slack : 5.910
TNS   : 0.000

Type  : Slow 1200mV 0C Model Setup 'altera_reserved_tck'
Slack : 44.508
TNS   : 0.000

Type  : Slow 1200mV 0C Model Hold 'i_CLOCK_50'
Slack : 0.301
TNS   : 0.000

Type  : Slow 1200mV 0C Model Hold 'altera_reserved_tck'
Slack : 0.310
TNS   : 0.000

Type  : Slow 1200mV 0C Model Hold 'Peripherals|clockGen|altpll_component|auto_generated|pll1|clk[0]'
Slack : 0.319
TNS   : 0.000

Type  : Slow 1200mV 0C Model Recovery 'i_CLOCK_50'
Slack : 18.393
TNS   : 0.000

Type  : Slow 1200mV 0C Model Recovery 'altera_reserved_tck'
Slack : 97.553
TNS   : 0.000

Type  : Slow 1200mV 0C Model Removal 'i_CLOCK_50'
Slack : 0.789
TNS   : 0.000

Type  : Slow 1200mV 0C Model Removal 'altera_reserved_tck'
Slack : 0.934
TNS   : 0.000

Type  : Slow 1200mV 0C Model Minimum Pulse Width 'Peripherals|clockGen|altpll_component|auto_generated|pll1|clk[0]'
Slack : 7.433
TNS   : 0.000

Type  : Slow 1200mV 0C Model Minimum Pulse Width 'i_CLOCK_50'
Slack : 9.426
TNS   : 0.000

Type  : Slow 1200mV 0C Model Minimum Pulse Width 'altera_reserved_tck'
Slack : 49.418
TNS   : 0.000

Type  : Fast 1200mV 0C Model Setup 'Peripherals|clockGen|altpll_component|auto_generated|pll1|clk[0]'
Slack : 9.555
TNS   : 0.000

Type  : Fast 1200mV 0C Model Setup 'i_CLOCK_50'
Slack : 9.707
TNS   : 0.000

Type  : Fast 1200mV 0C Model Setup 'altera_reserved_tck'
Slack : 46.733
TNS   : 0.000

Type  : Fast 1200mV 0C Model Hold 'i_CLOCK_50'
Slack : 0.141
TNS   : 0.000

Type  : Fast 1200mV 0C Model Hold 'altera_reserved_tck'
Slack : 0.180
TNS   : 0.000

Type  : Fast 1200mV 0C Model Hold 'Peripherals|clockGen|altpll_component|auto_generated|pll1|clk[0]'
Slack : 0.194
TNS   : 0.000

Type  : Fast 1200mV 0C Model Recovery 'i_CLOCK_50'
Slack : 18.950
TNS   : 0.000

Type  : Fast 1200mV 0C Model Recovery 'altera_reserved_tck'
Slack : 98.399
TNS   : 0.000

Type  : Fast 1200mV 0C Model Removal 'i_CLOCK_50'
Slack : 0.493
TNS   : 0.000

Type  : Fast 1200mV 0C Model Removal 'altera_reserved_tck'
Slack : 0.571
TNS   : 0.000

Type  : Fast 1200mV 0C Model Minimum Pulse Width 'Peripherals|clockGen|altpll_component|auto_generated|pll1|clk[0]'
Slack : 7.428
TNS   : 0.000

Type  : Fast 1200mV 0C Model Minimum Pulse Width 'i_CLOCK_50'
Slack : 9.198
TNS   : 0.000

Type  : Fast 1200mV 0C Model Minimum Pulse Width 'altera_reserved_tck'
Slack : 49.278
TNS   : 0.000

------------------------------------------------------------
