------------------------------------------------------------
Timing Analyzer Summary
------------------------------------------------------------

Type  : Slow 1200mV 85C Model Setup 'i_CLOCK_50'
Slack : 1.291
TNS   : 0.000

Type  : Slow 1200mV 85C Model Setup 'Peripherals|clockGen|altpll_component|auto_generated|pll1|clk[0]'
Slack : 4.544
TNS   : 0.000

Type  : Slow 1200mV 85C Model Setup 'altera_reserved_tck'
Slack : 42.552
TNS   : 0.000

Type  : Slow 1200mV 85C Model Hold 'i_CLOCK_50'
Slack : 0.230
TNS   : 0.000

Type  : Slow 1200mV 85C Model Hold 'altera_reserved_tck'
Slack : 0.356
TNS   : 0.000

Type  : Slow 1200mV 85C Model Hold 'Peripherals|clockGen|altpll_component|auto_generated|pll1|clk[0]'
Slack : 0.360
TNS   : 0.000

Type  : Slow 1200mV 85C Model Recovery 'i_CLOCK_50'
Slack : 18.024
TNS   : 0.000

Type  : Slow 1200mV 85C Model Recovery 'altera_reserved_tck'
Slack : 97.372
TNS   : 0.000

Type  : Slow 1200mV 85C Model Removal 'i_CLOCK_50'
Slack : 0.901
TNS   : 0.000

Type  : Slow 1200mV 85C Model Removal 'altera_reserved_tck'
Slack : 1.241
TNS   : 0.000

Type  : Slow 1200mV 85C Model Minimum Pulse Width 'Peripherals|clockGen|altpll_component|auto_generated|pll1|clk[0]'
Slack : 7.421
TNS   : 0.000

Type  : Slow 1200mV 85C Model Minimum Pulse Width 'i_CLOCK_50'
Slack : 9.413
TNS   : 0.000

Type  : Slow 1200mV 85C Model Minimum Pulse Width 'altera_reserved_tck'
Slack : 49.471
TNS   : 0.000

Type  : Slow 1200mV 0C Model Setup 'i_CLOCK_50'
Slack : 3.233
TNS   : 0.000

Type  : Slow 1200mV 0C Model Setup 'Peripherals|clockGen|altpll_component|auto_generated|pll1|clk[0]'
Slack : 5.684
TNS   : 0.000

Type  : Slow 1200mV 0C Model Setup 'altera_reserved_tck'
Slack : 43.396
TNS   : 0.000

Type  : Slow 1200mV 0C Model Hold 'i_CLOCK_50'
Slack : 0.200
TNS   : 0.000

Type  : Slow 1200mV 0C Model Hold 'altera_reserved_tck'
Slack : 0.310
TNS   : 0.000

Type  : Slow 1200mV 0C Model Hold 'Peripherals|clockGen|altpll_component|auto_generated|pll1|clk[0]'
Slack : 0.318
TNS   : 0.000

Type  : Slow 1200mV 0C Model Recovery 'i_CLOCK_50'
Slack : 18.229
TNS   : 0.000

Type  : Slow 1200mV 0C Model Recovery 'altera_reserved_tck'
Slack : 97.630
TNS   : 0.000

Type  : Slow 1200mV 0C Model Removal 'i_CLOCK_50'
Slack : 0.806
TNS   : 0.000

Type  : Slow 1200mV 0C Model Removal 'altera_reserved_tck'
Slack : 1.120
TNS   : 0.000

Type  : Slow 1200mV 0C Model Minimum Pulse Width 'Peripherals|clockGen|altpll_component|auto_generated|pll1|clk[0]'
Slack : 7.434
TNS   : 0.000

Type  : Slow 1200mV 0C Model Minimum Pulse Width 'i_CLOCK_50'
Slack : 9.413
TNS   : 0.000

Type  : Slow 1200mV 0C Model Minimum Pulse Width 'altera_reserved_tck'
Slack : 49.417
TNS   : 0.000

Type  : Fast 1200mV 0C Model Setup 'Peripherals|clockGen|altpll_component|auto_generated|pll1|clk[0]'
Slack : 9.335
TNS   : 0.000

Type  : Fast 1200mV 0C Model Setup 'i_CLOCK_50'
Slack : 9.489
TNS   : 0.000

Type  : Fast 1200mV 0C Model Setup 'altera_reserved_tck'
Slack : 45.935
TNS   : 0.000

Type  : Fast 1200mV 0C Model Hold 'i_CLOCK_50'
Slack : 0.048
TNS   : 0.000

Type  : Fast 1200mV 0C Model Hold 'altera_reserved_tck'
Slack : 0.186
TNS   : 0.000

Type  : Fast 1200mV 0C Model Hold 'Peripherals|clockGen|altpll_component|auto_generated|pll1|clk[0]'
Slack : 0.193
TNS   : 0.000

Type  : Fast 1200mV 0C Model Recovery 'i_CLOCK_50'
Slack : 18.851
TNS   : 0.000

Type  : Fast 1200mV 0C Model Recovery 'altera_reserved_tck'
Slack : 98.463
TNS   : 0.000

Type  : Fast 1200mV 0C Model Removal 'i_CLOCK_50'
Slack : 0.506
TNS   : 0.000

Type  : Fast 1200mV 0C Model Removal 'altera_reserved_tck'
Slack : 0.677
TNS   : 0.000

Type  : Fast 1200mV 0C Model Minimum Pulse Width 'Peripherals|clockGen|altpll_component|auto_generated|pll1|clk[0]'
Slack : 7.428
TNS   : 0.000

Type  : Fast 1200mV 0C Model Minimum Pulse Width 'i_CLOCK_50'
Slack : 9.199
TNS   : 0.000

Type  : Fast 1200mV 0C Model Minimum Pulse Width 'altera_reserved_tck'
Slack : 49.276
TNS   : 0.000

------------------------------------------------------------
