------------------------------------------------------------
Timing Analyzer Summary
------------------------------------------------------------

Type  : Slow 1200mV 85C Model Setup 'i_CLOCK_50'
Slack : -4.276
TNS   : -535.308

Type  : Slow 1200mV 85C Model Setup 'R32V2020_top|Peripherals|clockGen|altpll_component|auto_generated|pll1|clk[0]'
Slack : 2.558
TNS   : 0.000

Type  : Slow 1200mV 85C Model Setup 'altera_reserved_tck'
Slack : 42.488
TNS   : 0.000

Type  : Slow 1200mV 85C Model Hold 'i_CLOCK_50'
Slack : 0.452
TNS   : 0.000

Type  : Slow 1200mV 85C Model Hold 'altera_reserved_tck'
Slack : 0.455
TNS   : 0.000

Type  : Slow 1200mV 85C Model Hold 'R32V2020_top|Peripherals|clockGen|altpll_component|auto_generated|pll1|clk[0]'
Slack : 0.468
TNS   : 0.000

Type  : Slow 1200mV 85C Model Recovery 'i_CLOCK_50'
Slack : 14.744
TNS   : 0.000

Type  : Slow 1200mV 85C Model Recovery 'altera_reserved_tck'
Slack : 96.613
TNS   : 0.000

Type  : Slow 1200mV 85C Model Removal 'altera_reserved_tck'
Slack : 1.571
TNS   : 0.000

Type  : Slow 1200mV 85C Model Removal 'i_CLOCK_50'
Slack : 1.664
TNS   : 0.000

Type  : Slow 1200mV 85C Model Minimum Pulse Width 'R32V2020_top|Peripherals|clockGen|altpll_component|auto_generated|pll1|clk[0]'
Slack : 7.392
TNS   : 0.000

Type  : Slow 1200mV 85C Model Minimum Pulse Width 'i_CLOCK_50'
Slack : 9.410
TNS   : 0.000

Type  : Slow 1200mV 85C Model Minimum Pulse Width 'altera_reserved_tck'
Slack : 49.415
TNS   : 0.000

Type  : Slow 1200mV 0C Model Setup 'i_CLOCK_50'
Slack : -2.671
TNS   : -208.578

Type  : Slow 1200mV 0C Model Setup 'R32V2020_top|Peripherals|clockGen|altpll_component|auto_generated|pll1|clk[0]'
Slack : 3.438
TNS   : 0.000

Type  : Slow 1200mV 0C Model Setup 'altera_reserved_tck'
Slack : 43.000
TNS   : 0.000

Type  : Slow 1200mV 0C Model Hold 'i_CLOCK_50'
Slack : 0.401
TNS   : 0.000

Type  : Slow 1200mV 0C Model Hold 'altera_reserved_tck'
Slack : 0.403
TNS   : 0.000

Type  : Slow 1200mV 0C Model Hold 'R32V2020_top|Peripherals|clockGen|altpll_component|auto_generated|pll1|clk[0]'
Slack : 0.418
TNS   : 0.000

Type  : Slow 1200mV 0C Model Recovery 'i_CLOCK_50'
Slack : 15.171
TNS   : 0.000

Type  : Slow 1200mV 0C Model Recovery 'altera_reserved_tck'
Slack : 96.819
TNS   : 0.000

Type  : Slow 1200mV 0C Model Removal 'altera_reserved_tck'
Slack : 1.410
TNS   : 0.000

Type  : Slow 1200mV 0C Model Removal 'i_CLOCK_50'
Slack : 1.516
TNS   : 0.000

Type  : Slow 1200mV 0C Model Minimum Pulse Width 'R32V2020_top|Peripherals|clockGen|altpll_component|auto_generated|pll1|clk[0]'
Slack : 7.391
TNS   : 0.000

Type  : Slow 1200mV 0C Model Minimum Pulse Width 'i_CLOCK_50'
Slack : 9.318
TNS   : 0.000

Type  : Slow 1200mV 0C Model Minimum Pulse Width 'altera_reserved_tck'
Slack : 49.262
TNS   : 0.000

Type  : Fast 1200mV 0C Model Setup 'i_CLOCK_50'
Slack : 9.453
TNS   : 0.000

Type  : Fast 1200mV 0C Model Setup 'R32V2020_top|Peripherals|clockGen|altpll_component|auto_generated|pll1|clk[0]'
Slack : 9.987
TNS   : 0.000

Type  : Fast 1200mV 0C Model Setup 'altera_reserved_tck'
Slack : 47.044
TNS   : 0.000

Type  : Fast 1200mV 0C Model Hold 'i_CLOCK_50'
Slack : 0.171
TNS   : 0.000

Type  : Fast 1200mV 0C Model Hold 'altera_reserved_tck'
Slack : 0.183
TNS   : 0.000

Type  : Fast 1200mV 0C Model Hold 'R32V2020_top|Peripherals|clockGen|altpll_component|auto_generated|pll1|clk[0]'
Slack : 0.195
TNS   : 0.000

Type  : Fast 1200mV 0C Model Recovery 'i_CLOCK_50'
Slack : 17.528
TNS   : 0.000

Type  : Fast 1200mV 0C Model Recovery 'altera_reserved_tck'
Slack : 98.387
TNS   : 0.000

Type  : Fast 1200mV 0C Model Removal 'altera_reserved_tck'
Slack : 0.664
TNS   : 0.000

Type  : Fast 1200mV 0C Model Removal 'i_CLOCK_50'
Slack : 0.705
TNS   : 0.000

Type  : Fast 1200mV 0C Model Minimum Pulse Width 'R32V2020_top|Peripherals|clockGen|altpll_component|auto_generated|pll1|clk[0]'
Slack : 7.441
TNS   : 0.000

Type  : Fast 1200mV 0C Model Minimum Pulse Width 'i_CLOCK_50'
Slack : 9.202
TNS   : 0.000

Type  : Fast 1200mV 0C Model Minimum Pulse Width 'altera_reserved_tck'
Slack : 49.292
TNS   : 0.000

------------------------------------------------------------
