------------------------------------------------------------
Timing Analyzer Summary
------------------------------------------------------------

Type  : Slow 1200mV 85C Model Setup 'i_CLOCK_50'
Slack : -3.753
TNS   : -529.194

Type  : Slow 1200mV 85C Model Setup 'R32V2020_top|Peripherals|clockGen|altpll_component|auto_generated|pll1|clk[0]'
Slack : 2.180
TNS   : 0.000

Type  : Slow 1200mV 85C Model Setup 'altera_reserved_tck'
Slack : 42.012
TNS   : 0.000

Type  : Slow 1200mV 85C Model Hold 'i_CLOCK_50'
Slack : 0.154
TNS   : 0.000

Type  : Slow 1200mV 85C Model Hold 'altera_reserved_tck'
Slack : 0.456
TNS   : 0.000

Type  : Slow 1200mV 85C Model Hold 'R32V2020_top|Peripherals|clockGen|altpll_component|auto_generated|pll1|clk[0]'
Slack : 0.467
TNS   : 0.000

Type  : Slow 1200mV 85C Model Recovery 'i_CLOCK_50'
Slack : 14.152
TNS   : 0.000

Type  : Slow 1200mV 85C Model Recovery 'altera_reserved_tck'
Slack : 96.483
TNS   : 0.000

Type  : Slow 1200mV 85C Model Removal 'i_CLOCK_50'
Slack : 1.307
TNS   : 0.000

Type  : Slow 1200mV 85C Model Removal 'altera_reserved_tck'
Slack : 1.594
TNS   : 0.000

Type  : Slow 1200mV 85C Model Minimum Pulse Width 'R32V2020_top|Peripherals|clockGen|altpll_component|auto_generated|pll1|clk[0]'
Slack : 7.391
TNS   : 0.000

Type  : Slow 1200mV 85C Model Minimum Pulse Width 'i_CLOCK_50'
Slack : 9.447
TNS   : 0.000

Type  : Slow 1200mV 85C Model Minimum Pulse Width 'altera_reserved_tck'
Slack : 49.412
TNS   : 0.000

Type  : Slow 1200mV 0C Model Setup 'i_CLOCK_50'
Slack : -2.107
TNS   : -189.074

Type  : Slow 1200mV 0C Model Setup 'R32V2020_top|Peripherals|clockGen|altpll_component|auto_generated|pll1|clk[0]'
Slack : 3.169
TNS   : 0.000

Type  : Slow 1200mV 0C Model Setup 'altera_reserved_tck'
Slack : 42.560
TNS   : 0.000

Type  : Slow 1200mV 0C Model Hold 'i_CLOCK_50'
Slack : 0.122
TNS   : 0.000

Type  : Slow 1200mV 0C Model Hold 'altera_reserved_tck'
Slack : 0.403
TNS   : 0.000

Type  : Slow 1200mV 0C Model Hold 'R32V2020_top|Peripherals|clockGen|altpll_component|auto_generated|pll1|clk[0]'
Slack : 0.418
TNS   : 0.000

Type  : Slow 1200mV 0C Model Recovery 'i_CLOCK_50'
Slack : 14.584
TNS   : 0.000

Type  : Slow 1200mV 0C Model Recovery 'altera_reserved_tck'
Slack : 96.683
TNS   : 0.000

Type  : Slow 1200mV 0C Model Removal 'i_CLOCK_50'
Slack : 1.200
TNS   : 0.000

Type  : Slow 1200mV 0C Model Removal 'altera_reserved_tck'
Slack : 1.436
TNS   : 0.000

Type  : Slow 1200mV 0C Model Minimum Pulse Width 'R32V2020_top|Peripherals|clockGen|altpll_component|auto_generated|pll1|clk[0]'
Slack : 7.390
TNS   : 0.000

Type  : Slow 1200mV 0C Model Minimum Pulse Width 'i_CLOCK_50'
Slack : 9.362
TNS   : 0.000

Type  : Slow 1200mV 0C Model Minimum Pulse Width 'altera_reserved_tck'
Slack : 49.262
TNS   : 0.000

Type  : Fast 1200mV 0C Model Setup 'i_CLOCK_50'
Slack : 9.765
TNS   : 0.000

Type  : Fast 1200mV 0C Model Setup 'R32V2020_top|Peripherals|clockGen|altpll_component|auto_generated|pll1|clk[0]'
Slack : 9.933
TNS   : 0.000

Type  : Fast 1200mV 0C Model Setup 'altera_reserved_tck'
Slack : 46.805
TNS   : 0.000

Type  : Fast 1200mV 0C Model Hold 'i_CLOCK_50'
Slack : -0.067
TNS   : -0.067

Type  : Fast 1200mV 0C Model Hold 'altera_reserved_tck'
Slack : 0.186
TNS   : 0.000

Type  : Fast 1200mV 0C Model Hold 'R32V2020_top|Peripherals|clockGen|altpll_component|auto_generated|pll1|clk[0]'
Slack : 0.195
TNS   : 0.000

Type  : Fast 1200mV 0C Model Recovery 'i_CLOCK_50'
Slack : 17.211
TNS   : 0.000

Type  : Fast 1200mV 0C Model Recovery 'altera_reserved_tck'
Slack : 98.399
TNS   : 0.000

Type  : Fast 1200mV 0C Model Removal 'i_CLOCK_50'
Slack : 0.554
TNS   : 0.000

Type  : Fast 1200mV 0C Model Removal 'altera_reserved_tck'
Slack : 0.669
TNS   : 0.000

Type  : Fast 1200mV 0C Model Minimum Pulse Width 'R32V2020_top|Peripherals|clockGen|altpll_component|auto_generated|pll1|clk[0]'
Slack : 7.443
TNS   : 0.000

Type  : Fast 1200mV 0C Model Minimum Pulse Width 'i_CLOCK_50'
Slack : 9.206
TNS   : 0.000

Type  : Fast 1200mV 0C Model Minimum Pulse Width 'altera_reserved_tck'
Slack : 49.294
TNS   : 0.000

------------------------------------------------------------
